Component: ARM Compiler 5.06 update 6 (build 750) Tool: armlink [4d35ed]

==============================================================================

Section Cross References

    main.o(i.Q_Dequeue) refers to main.o(i.Q_Empty) for Q_Empty
    main.o(i.Q_Enqueue) refers to main.o(i.Q_Full) for Q_Full
    main.o(i.UART2_IRQHandler) refers to main.o(i.__NVIC_ClearPendingIRQ) for __NVIC_ClearPendingIRQ
    main.o(i.UART2_IRQHandler) refers to main.o(i.Q_Empty) for Q_Empty
    main.o(i.UART2_IRQHandler) refers to main.o(i.Q_Dequeue) for Q_Dequeue
    main.o(i.UART2_IRQHandler) refers to main.o(i.Q_Full) for Q_Full
    main.o(i.UART2_IRQHandler) refers to main.o(i.Q_Enqueue) for Q_Enqueue
    main.o(i.UART2_IRQHandler) refers to main.o(.bss) for txQ
    main.o(i.UART2_IRQHandler) refers to main.o(.data) for count
    main.o(i.clearLitGreenLED) refers to main.o(.data) for greenLEDPins
    main.o(i.enqueueTXData) refers to main.o(i.Q_Enqueue) for Q_Enqueue
    main.o(i.enqueueTXData) refers to main.o(.bss) for txQ
    main.o(i.initExternalLEDPins) refers to main.o(i.initGPIOPin) for initGPIOPin
    main.o(i.initExternalLEDPins) refers to main.o(.data) for greenLEDPins
    main.o(i.initInternalLED) refers to main.o(i.initGPIOPin) for initGPIOPin
    main.o(i.initUART2) refers to uidiv.o(.text) for __aeabi_uidivmod
    main.o(i.initUART2) refers to main.o(i.initUART2Interrupt) for initUART2Interrupt
    main.o(i.initUART2Interrupt) refers to main.o(i.Q_Init) for Q_Init
    main.o(i.initUART2Interrupt) refers to main.o(i.__NVIC_SetPriority) for __NVIC_SetPriority
    main.o(i.initUART2Interrupt) refers to main.o(i.__NVIC_ClearPendingIRQ) for __NVIC_ClearPendingIRQ
    main.o(i.initUART2Interrupt) refers to main.o(.bss) for txQ
    main.o(i.main) refers to system_mkl25z4.o(i.SystemCoreClockUpdate) for SystemCoreClockUpdate
    main.o(i.main) refers to main.o(i.initUART2) for initUART2
    main.o(i.main) refers to main.o(i.initExternalLEDPins) for initExternalLEDPins
    main.o(i.main) refers to main.o(i.initInternalLED) for initInternalLED
    main.o(i.main) refers to main.o(i.offLED) for offLED
    main.o(i.main) refers to main.o(i.Q_Empty) for Q_Empty
    main.o(i.main) refers to main.o(i.Q_Dequeue) for Q_Dequeue
    main.o(i.main) refers to main.o(i.toggleLED) for toggleLED
    main.o(i.main) refers to main.o(.bss) for rxQ
    main.o(i.operateGreenLED) refers to main.o(i.clearLitGreenLED) for clearLitGreenLED
    main.o(i.operateGreenLED) refers to main.o(i.setTrailGreenLED) for setTrailGreenLED
    main.o(i.operateGreenLED) refers to main.o(i.setAllGreenLED) for setAllGreenLED
    main.o(i.operateGreenLED) refers to main.o(.data) for isRunning
    main.o(i.operateRedLED) refers to main.o(i.toggleRedLED) for toggleRedLED
    main.o(i.operateRedLED) refers to main.o(i.delay) for delay
    main.o(i.operateRedLED) refers to main.o(.data) for isRunning
    main.o(i.setAllGreenLED) refers to main.o(.data) for greenLEDPins
    main.o(i.setNewActiveGreenLED) refers to main.o(i.delay) for delay
    main.o(i.setNewActiveGreenLED) refers to main.o(.data) for activeGreenLED
    main.o(i.setTrailGreenLED) refers to main.o(i.setNewActiveGreenLED) for setNewActiveGreenLED
    main.o(i.setTrailGreenLED) refers to main.o(.data) for isRunning
    main.o(i.signalSuccessConnection) refers to main.o(i.setAllGreenLED) for setAllGreenLED
    main.o(i.signalSuccessConnection) refers to main.o(i.delay) for delay
    main.o(i.signalSuccessConnection) refers to main.o(i.clearLitGreenLED) for clearLitGreenLED
    main.o(i.toggleLED) refers to main.o(i.offLED) for offLED
    startup_mkl25z4.o(RESET) refers to startup_mkl25z4.o(STACK) for __initial_sp
    startup_mkl25z4.o(RESET) refers to startup_mkl25z4.o(.text) for Reset_Handler
    startup_mkl25z4.o(RESET) refers to main.o(i.UART2_IRQHandler) for UART2_IRQHandler
    startup_mkl25z4.o(.text) refers to system_mkl25z4.o(i.SystemInit) for SystemInit
    startup_mkl25z4.o(.text) refers to entry.o(.ARM.Collect$$$$00000000) for __main
    system_mkl25z4.o(i.SystemCoreClockUpdate) refers to uidiv.o(.text) for __aeabi_uidivmod
    system_mkl25z4.o(i.SystemCoreClockUpdate) refers to system_mkl25z4.o(i.__ARM_common_switch8) for __ARM_common_switch8
    system_mkl25z4.o(i.SystemCoreClockUpdate) refers to system_mkl25z4.o(.data) for SystemCoreClock
    entry.o(.ARM.Collect$$$$00000000) refers (Special) to entry10a.o(.ARM.Collect$$$$0000000D) for __rt_final_cpp
    entry.o(.ARM.Collect$$$$00000000) refers (Special) to entry11a.o(.ARM.Collect$$$$0000000F) for __rt_final_exit
    entry.o(.ARM.Collect$$$$00000000) refers (Special) to entry7b.o(.ARM.Collect$$$$00000008) for _main_clock
    entry.o(.ARM.Collect$$$$00000000) refers (Special) to entry8b.o(.ARM.Collect$$$$0000000A) for _main_cpp_init
    entry.o(.ARM.Collect$$$$00000000) refers (Special) to entry9a.o(.ARM.Collect$$$$0000000B) for _main_init
    entry.o(.ARM.Collect$$$$00000000) refers (Special) to entry5.o(.ARM.Collect$$$$00000004) for _main_scatterload
    entry.o(.ARM.Collect$$$$00000000) refers (Special) to entry2.o(.ARM.Collect$$$$00000001) for _main_stk
    entry2.o(.ARM.Collect$$$$00000001) refers to entry2.o(.ARM.Collect$$$$00002712) for __lit__00000000
    entry2.o(.ARM.Collect$$$$00002712) refers to startup_mkl25z4.o(STACK) for __initial_sp
    entry2.o(__vectab_stack_and_reset_area) refers to startup_mkl25z4.o(STACK) for __initial_sp
    entry2.o(__vectab_stack_and_reset_area) refers to entry.o(.ARM.Collect$$$$00000000) for __main
    entry5.o(.ARM.Collect$$$$00000004) refers to init.o(.text) for __scatterload
    entry9a.o(.ARM.Collect$$$$0000000B) refers to main.o(i.main) for main
    entry9b.o(.ARM.Collect$$$$0000000C) refers to main.o(i.main) for main
    init.o(.text) refers to entry5.o(.ARM.Collect$$$$00000004) for __main_after_scatterload


==============================================================================

Removing Unused input sections from the image.

    Removing main.o(.rev16_text), (4 bytes).
    Removing main.o(.revsh_text), (4 bytes).
    Removing main.o(i.clearLitGreenLED), (32 bytes).
    Removing main.o(i.delay), (20 bytes).
    Removing main.o(i.enqueueTXData), (52 bytes).
    Removing main.o(i.operateGreenLED), (32 bytes).
    Removing main.o(i.operateRedLED), (44 bytes).
    Removing main.o(i.setAllGreenLED), (32 bytes).
    Removing main.o(i.setNewActiveGreenLED), (68 bytes).
    Removing main.o(i.setTrailGreenLED), (36 bytes).
    Removing main.o(i.signalSuccessConnection), (40 bytes).
    Removing main.o(i.toggleRedLED), (16 bytes).
    Removing startup_mkl25z4.o(HEAP), (0 bytes).
    Removing system_mkl25z4.o(.rev16_text), (4 bytes).
    Removing system_mkl25z4.o(.revsh_text), (4 bytes).

15 unused section(s) (total 388 bytes) removed from the image.

==============================================================================

Image Symbol Table

    Local Symbols

    Symbol Name                              Value     Ov Type        Size  Object(Section)

    RESET                                    0x00000000   Section      192  startup_mkl25z4.o(RESET)
    ../clib/microlib/division.c              0x00000000   Number         0  uidiv.o ABSOLUTE
    ../clib/microlib/init/entry.s            0x00000000   Number         0  entry.o ABSOLUTE
    ../clib/microlib/init/entry.s            0x00000000   Number         0  entry11b.o ABSOLUTE
    ../clib/microlib/init/entry.s            0x00000000   Number         0  entry10b.o ABSOLUTE
    ../clib/microlib/init/entry.s            0x00000000   Number         0  entry11a.o ABSOLUTE
    ../clib/microlib/init/entry.s            0x00000000   Number         0  entry10a.o ABSOLUTE
    ../clib/microlib/init/entry.s            0x00000000   Number         0  entry9b.o ABSOLUTE
    ../clib/microlib/init/entry.s            0x00000000   Number         0  entry9a.o ABSOLUTE
    ../clib/microlib/init/entry.s            0x00000000   Number         0  entry8b.o ABSOLUTE
    ../clib/microlib/init/entry.s            0x00000000   Number         0  entry8a.o ABSOLUTE
    ../clib/microlib/init/entry.s            0x00000000   Number         0  entry7b.o ABSOLUTE
    ../clib/microlib/init/entry.s            0x00000000   Number         0  entry7a.o ABSOLUTE
    ../clib/microlib/init/entry.s            0x00000000   Number         0  entry5.o ABSOLUTE
    ../clib/microlib/init/entry.s            0x00000000   Number         0  entry2.o ABSOLUTE
    RTE\Device\MKL25Z128xxx4\startup_MKL25Z4.s 0x00000000   Number         0  startup_mkl25z4.o ABSOLUTE
    RTE\Device\MKL25Z128xxx4\system_MKL25Z4.c 0x00000000   Number         0  system_mkl25z4.o ABSOLUTE
    RTE\\Device\\MKL25Z128xxx4\\system_MKL25Z4.c 0x00000000   Number         0  system_mkl25z4.o ABSOLUTE
    Source Code\\main.c                      0x00000000   Number         0  main.o ABSOLUTE
    Source Code\main.c                       0x00000000   Number         0  main.o ABSOLUTE
    dc.s                                     0x00000000   Number         0  dc.o ABSOLUTE
    handlers.s                               0x00000000   Number         0  handlers.o ABSOLUTE
    init.s                                   0x00000000   Number         0  init.o ABSOLUTE
    .ARM.Collect$$$$00000000                 0x000000c0   Section        0  entry.o(.ARM.Collect$$$$00000000)
    .ARM.Collect$$$$00000001                 0x000000c0   Section        4  entry2.o(.ARM.Collect$$$$00000001)
    .ARM.Collect$$$$00000004                 0x000000c4   Section        4  entry5.o(.ARM.Collect$$$$00000004)
    .ARM.Collect$$$$00000008                 0x000000c8   Section        0  entry7b.o(.ARM.Collect$$$$00000008)
    .ARM.Collect$$$$0000000A                 0x000000c8   Section        0  entry8b.o(.ARM.Collect$$$$0000000A)
    .ARM.Collect$$$$0000000B                 0x000000c8   Section        8  entry9a.o(.ARM.Collect$$$$0000000B)
    .ARM.Collect$$$$0000000D                 0x000000d0   Section        0  entry10a.o(.ARM.Collect$$$$0000000D)
    .ARM.Collect$$$$0000000F                 0x000000d0   Section        0  entry11a.o(.ARM.Collect$$$$0000000F)
    .ARM.Collect$$$$00002712                 0x000000d0   Section        4  entry2.o(.ARM.Collect$$$$00002712)
    __lit__00000000                          0x000000d0   Data           4  entry2.o(.ARM.Collect$$$$00002712)
    .text                                    0x000000d4   Section       40  startup_mkl25z4.o(.text)
    .text                                    0x000000fc   Section        0  uidiv.o(.text)
    .text                                    0x00000128   Section       36  init.o(.text)
    i.Q_Dequeue                              0x0000014c   Section        0  main.o(i.Q_Dequeue)
    i.Q_Empty                                0x0000017c   Section        0  main.o(i.Q_Empty)
    i.Q_Enqueue                              0x0000018c   Section        0  main.o(i.Q_Enqueue)
    i.Q_Full                                 0x000001ba   Section        0  main.o(i.Q_Full)
    i.Q_Init                                 0x000001ca   Section        0  main.o(i.Q_Init)
    i.SystemCoreClockUpdate                  0x000001e4   Section        0  system_mkl25z4.o(i.SystemCoreClockUpdate)
    i.UART2_IRQHandler                       0x00000374   Section        0  main.o(i.UART2_IRQHandler)
    i.__NVIC_ClearPendingIRQ                 0x000003e8   Section        0  main.o(i.__NVIC_ClearPendingIRQ)
    __NVIC_ClearPendingIRQ                   0x000003e9   Thumb Code    18  main.o(i.__NVIC_ClearPendingIRQ)
    .ARM.__at_0x400                          0x00000400   Section       16  startup_mkl25z4.o(.ARM.__at_0x400)
    i.SystemInit                             0x00000410   Section        0  system_mkl25z4.o(i.SystemInit)
    i.__ARM_common_switch8                   0x00000548   Section        0  system_mkl25z4.o(i.__ARM_common_switch8)
    i.__NVIC_SetPriority                     0x00000564   Section        0  main.o(i.__NVIC_SetPriority)
    __NVIC_SetPriority                       0x00000565   Thumb Code   110  main.o(i.__NVIC_SetPriority)
    i.__scatterload_copy                     0x000005dc   Section       14  handlers.o(i.__scatterload_copy)
    i.__scatterload_null                     0x000005ea   Section        2  handlers.o(i.__scatterload_null)
    i.__scatterload_zeroinit                 0x000005ec   Section       14  handlers.o(i.__scatterload_zeroinit)
    i.initExternalLEDPins                    0x000005fc   Section        0  main.o(i.initExternalLEDPins)
    i.initGPIOPin                            0x00000650   Section        0  main.o(i.initGPIOPin)
    i.initInternalLED                        0x00000684   Section        0  main.o(i.initInternalLED)
    i.initUART2                              0x000006d0   Section        0  main.o(i.initUART2)
    i.initUART2Interrupt                     0x00000774   Section        0  main.o(i.initUART2Interrupt)
    i.main                                   0x000007d8   Section        0  main.o(i.main)
    i.offLED                                 0x0000082c   Section        0  main.o(i.offLED)
    i.toggleLED                              0x00000844   Section        0  main.o(i.toggleLED)
    .data                                    0x1ffff000   Section       27  main.o(.data)
    .data                                    0x1ffff01c   Section        4  system_mkl25z4.o(.data)
    .bss                                     0x1ffff020   Section       88  main.o(.bss)
    STACK                                    0x1ffff078   Section      256  startup_mkl25z4.o(STACK)

    Global Symbols

    Symbol Name                              Value     Ov Type        Size  Object(Section)

    BuildAttributes$$THM_ISAv3M$S$PE$A:L22$X:L11$S22$IEEE1$IW$USESV6$~STKCKD$USESV7$~SHL$OSPACE$EBA8$MICROLIB$REQ8$PRES8$EABIv2 0x00000000   Number         0  anon$$obj.o ABSOLUTE
    __ARM_use_no_argv                        0x00000000   Number         0  main.o ABSOLUTE
    __Vectors                                0x00000000   Data           4  startup_mkl25z4.o(RESET)
    __cpp_initialize__aeabi_                  - Undefined Weak Reference
    __cxa_finalize                            - Undefined Weak Reference
    __decompress                              - Undefined Weak Reference
    _clock_init                               - Undefined Weak Reference
    _microlib_exit                            - Undefined Weak Reference
    __Vectors_End                            0x000000c0   Data           0  startup_mkl25z4.o(RESET)
    __Vectors_Size                           0x000000c0   Number         0  startup_mkl25z4.o ABSOLUTE
    __main                                   0x000000c1   Thumb Code     0  entry.o(.ARM.Collect$$$$00000000)
    _main_stk                                0x000000c1   Thumb Code     0  entry2.o(.ARM.Collect$$$$00000001)
    _main_scatterload                        0x000000c5   Thumb Code     0  entry5.o(.ARM.Collect$$$$00000004)
    __main_after_scatterload                 0x000000c9   Thumb Code     0  entry5.o(.ARM.Collect$$$$00000004)
    _main_clock                              0x000000c9   Thumb Code     0  entry7b.o(.ARM.Collect$$$$00000008)
    _main_cpp_init                           0x000000c9   Thumb Code     0  entry8b.o(.ARM.Collect$$$$0000000A)
    _main_init                               0x000000c9   Thumb Code     0  entry9a.o(.ARM.Collect$$$$0000000B)
    __rt_final_cpp                           0x000000d1   Thumb Code     0  entry10a.o(.ARM.Collect$$$$0000000D)
    __rt_final_exit                          0x000000d1   Thumb Code     0  entry11a.o(.ARM.Collect$$$$0000000F)
    Reset_Handler                            0x000000d5   Thumb Code    12  startup_mkl25z4.o(.text)
    NMI_Handler                              0x000000e1   Thumb Code     2  startup_mkl25z4.o(.text)
    HardFault_Handler                        0x000000e3   Thumb Code     2  startup_mkl25z4.o(.text)
    SVC_Handler                              0x000000e5   Thumb Code     2  startup_mkl25z4.o(.text)
    PendSV_Handler                           0x000000e7   Thumb Code     2  startup_mkl25z4.o(.text)
    SysTick_Handler                          0x000000e9   Thumb Code     2  startup_mkl25z4.o(.text)
    ADC0_IRQHandler                          0x000000eb   Thumb Code     0  startup_mkl25z4.o(.text)
    CMP0_IRQHandler                          0x000000eb   Thumb Code     0  startup_mkl25z4.o(.text)
    DAC0_IRQHandler                          0x000000eb   Thumb Code     0  startup_mkl25z4.o(.text)
    DMA0_IRQHandler                          0x000000eb   Thumb Code     0  startup_mkl25z4.o(.text)
    DMA1_IRQHandler                          0x000000eb   Thumb Code     0  startup_mkl25z4.o(.text)
    DMA2_IRQHandler                          0x000000eb   Thumb Code     0  startup_mkl25z4.o(.text)
    DMA3_IRQHandler                          0x000000eb   Thumb Code     0  startup_mkl25z4.o(.text)
    DefaultISR                               0x000000eb   Thumb Code     0  startup_mkl25z4.o(.text)
    FTFA_IRQHandler                          0x000000eb   Thumb Code     0  startup_mkl25z4.o(.text)
    I2C0_IRQHandler                          0x000000eb   Thumb Code     0  startup_mkl25z4.o(.text)
    I2C1_IRQHandler                          0x000000eb   Thumb Code     0  startup_mkl25z4.o(.text)
    LLWU_IRQHandler                          0x000000eb   Thumb Code     0  startup_mkl25z4.o(.text)
    LPTMR0_IRQHandler                        0x000000eb   Thumb Code     0  startup_mkl25z4.o(.text)
    LVD_LVW_IRQHandler                       0x000000eb   Thumb Code     0  startup_mkl25z4.o(.text)
    MCG_IRQHandler                           0x000000eb   Thumb Code     0  startup_mkl25z4.o(.text)
    PIT_IRQHandler                           0x000000eb   Thumb Code     0  startup_mkl25z4.o(.text)
    PORTA_IRQHandler                         0x000000eb   Thumb Code     0  startup_mkl25z4.o(.text)
    PORTD_IRQHandler                         0x000000eb   Thumb Code     0  startup_mkl25z4.o(.text)
    RTC_IRQHandler                           0x000000eb   Thumb Code     0  startup_mkl25z4.o(.text)
    RTC_Seconds_IRQHandler                   0x000000eb   Thumb Code     0  startup_mkl25z4.o(.text)
    Reserved20_IRQHandler                    0x000000eb   Thumb Code     0  startup_mkl25z4.o(.text)
    Reserved39_IRQHandler                    0x000000eb   Thumb Code     0  startup_mkl25z4.o(.text)
    Reserved45_IRQHandler                    0x000000eb   Thumb Code     0  startup_mkl25z4.o(.text)
    SPI0_IRQHandler                          0x000000eb   Thumb Code     0  startup_mkl25z4.o(.text)
    SPI1_IRQHandler                          0x000000eb   Thumb Code     0  startup_mkl25z4.o(.text)
    TPM0_IRQHandler                          0x000000eb   Thumb Code     0  startup_mkl25z4.o(.text)
    TPM1_IRQHandler                          0x000000eb   Thumb Code     0  startup_mkl25z4.o(.text)
    TPM2_IRQHandler                          0x000000eb   Thumb Code     0  startup_mkl25z4.o(.text)
    TSI0_IRQHandler                          0x000000eb   Thumb Code     0  startup_mkl25z4.o(.text)
    UART0_IRQHandler                         0x000000eb   Thumb Code     0  startup_mkl25z4.o(.text)
    UART1_IRQHandler                         0x000000eb   Thumb Code     0  startup_mkl25z4.o(.text)
    USB0_IRQHandler                          0x000000eb   Thumb Code     0  startup_mkl25z4.o(.text)
    __aeabi_uidiv                            0x000000fd   Thumb Code     0  uidiv.o(.text)
    __aeabi_uidivmod                         0x000000fd   Thumb Code    44  uidiv.o(.text)
    __scatterload                            0x00000129   Thumb Code    28  init.o(.text)
    __scatterload_rt2                        0x00000129   Thumb Code     0  init.o(.text)
    Q_Dequeue                                0x0000014d   Thumb Code    48  main.o(i.Q_Dequeue)
    Q_Empty                                  0x0000017d   Thumb Code    16  main.o(i.Q_Empty)
    Q_Enqueue                                0x0000018d   Thumb Code    46  main.o(i.Q_Enqueue)
    Q_Full                                   0x000001bb   Thumb Code    16  main.o(i.Q_Full)
    Q_Init                                   0x000001cb   Thumb Code    24  main.o(i.Q_Init)
    SystemCoreClockUpdate                    0x000001e5   Thumb Code   372  system_mkl25z4.o(i.SystemCoreClockUpdate)
    UART2_IRQHandler                         0x00000375   Thumb Code    98  main.o(i.UART2_IRQHandler)
    SystemInit                               0x00000411   Thumb Code   266  system_mkl25z4.o(i.SystemInit)
    __ARM_common_switch8                     0x00000549   Thumb Code    28  system_mkl25z4.o(i.__ARM_common_switch8)
    __scatterload_copy                       0x000005dd   Thumb Code    14  handlers.o(i.__scatterload_copy)
    __scatterload_null                       0x000005eb   Thumb Code     2  handlers.o(i.__scatterload_null)
    __scatterload_zeroinit                   0x000005ed   Thumb Code    14  handlers.o(i.__scatterload_zeroinit)
    initExternalLEDPins                      0x000005fd   Thumb Code    64  main.o(i.initExternalLEDPins)
    initGPIOPin                              0x00000651   Thumb Code    50  main.o(i.initGPIOPin)
    initInternalLED                          0x00000685   Thumb Code    58  main.o(i.initInternalLED)
    initUART2                                0x000006d1   Thumb Code   148  main.o(i.initUART2)
    initUART2Interrupt                       0x00000775   Thumb Code    84  main.o(i.initUART2Interrupt)
    main                                     0x000007d9   Thumb Code    78  main.o(i.main)
    offLED                                   0x0000082d   Thumb Code    18  main.o(i.offLED)
    toggleLED                                0x00000845   Thumb Code    34  main.o(i.toggleLED)
    Region$$Table$$Base                      0x0000086c   Number         0  anon$$obj.o(Region$$Table)
    Region$$Table$$Limit                     0x0000088c   Number         0  anon$$obj.o(Region$$Table)
    isRunning                                0x1ffff000   Data           4  main.o(.data)
    greenLEDPins                             0x1ffff004   Data          10  main.o(.data)
    activeGreenLED                           0x1ffff010   Data           4  main.o(.data)
    count                                    0x1ffff014   Data           4  main.o(.data)
    color_sets                               0x1ffff018   Data           3  main.o(.data)
    SystemCoreClock                          0x1ffff01c   Data           4  system_mkl25z4.o(.data)
    txQ                                      0x1ffff020   Data          44  main.o(.bss)
    rxQ                                      0x1ffff04c   Data          44  main.o(.bss)
    __initial_sp                             0x1ffff178   Data           0  startup_mkl25z4.o(STACK)



==============================================================================

Memory Map of the image

  Image Entry point : 0x000000d5

  Load Region LR_1 (Base: 0x00000000, Size: 0x000008ac, Max: 0xffffffff, ABSOLUTE)

    Execution Region ER_RO (Exec base: 0x00000000, Load base: 0x00000000, Size: 0x0000088c, Max: 0xffffffff, ABSOLUTE)

    Exec Addr    Load Addr    Size         Type   Attr      Idx    E Section Name        Object

    0x00000000   0x00000000   0x000000c0   Data   RO          214    RESET               startup_mkl25z4.o
    0x000000c0   0x000000c0   0x00000000   Code   RO          259  * .ARM.Collect$$$$00000000  mc_p.l(entry.o)
    0x000000c0   0x000000c0   0x00000004   Code   RO          264    .ARM.Collect$$$$00000001  mc_p.l(entry2.o)
    0x000000c4   0x000000c4   0x00000004   Code   RO          267    .ARM.Collect$$$$00000004  mc_p.l(entry5.o)
    0x000000c8   0x000000c8   0x00000000   Code   RO          269    .ARM.Collect$$$$00000008  mc_p.l(entry7b.o)
    0x000000c8   0x000000c8   0x00000000   Code   RO          271    .ARM.Collect$$$$0000000A  mc_p.l(entry8b.o)
    0x000000c8   0x000000c8   0x00000008   Code   RO          272    .ARM.Collect$$$$0000000B  mc_p.l(entry9a.o)
    0x000000d0   0x000000d0   0x00000000   Code   RO          274    .ARM.Collect$$$$0000000D  mc_p.l(entry10a.o)
    0x000000d0   0x000000d0   0x00000000   Code   RO          276    .ARM.Collect$$$$0000000F  mc_p.l(entry11a.o)
    0x000000d0   0x000000d0   0x00000004   Code   RO          265    .ARM.Collect$$$$00002712  mc_p.l(entry2.o)
    0x000000d4   0x000000d4   0x00000028   Code   RO          216  * .text               startup_mkl25z4.o
    0x000000fc   0x000000fc   0x0000002c   Code   RO          262    .text               mc_p.l(uidiv.o)
    0x00000128   0x00000128   0x00000024   Code   RO          278    .text               mc_p.l(init.o)
    0x0000014c   0x0000014c   0x00000030   Code   RO            3    i.Q_Dequeue         main.o
    0x0000017c   0x0000017c   0x00000010   Code   RO            4    i.Q_Empty           main.o
    0x0000018c   0x0000018c   0x0000002e   Code   RO            5    i.Q_Enqueue         main.o
    0x000001ba   0x000001ba   0x00000010   Code   RO            6    i.Q_Full            main.o
    0x000001ca   0x000001ca   0x00000018   Code   RO            7    i.Q_Init            main.o
    0x000001e2   0x000001e2   0x00000002   PAD
    0x000001e4   0x000001e4   0x00000190   Code   RO          224    i.SystemCoreClockUpdate  system_mkl25z4.o
    0x00000374   0x00000374   0x00000074   Code   RO            8    i.UART2_IRQHandler  main.o
    0x000003e8   0x000003e8   0x00000018   Code   RO            9    i.__NVIC_ClearPendingIRQ  main.o
    0x00000400   0x00000400   0x00000010   Code   RO          215    .ARM.__at_0x400     startup_mkl25z4.o
    0x00000410   0x00000410   0x00000138   Code   RO          225    i.SystemInit        system_mkl25z4.o
    0x00000548   0x00000548   0x0000001c   Code   RO          248    i.__ARM_common_switch8  system_mkl25z4.o
    0x00000564   0x00000564   0x00000078   Code   RO           10    i.__NVIC_SetPriority  main.o
    0x000005dc   0x000005dc   0x0000000e   Code   RO          282    i.__scatterload_copy  mc_p.l(handlers.o)
    0x000005ea   0x000005ea   0x00000002   Code   RO          283    i.__scatterload_null  mc_p.l(handlers.o)
    0x000005ec   0x000005ec   0x0000000e   Code   RO          284    i.__scatterload_zeroinit  mc_p.l(handlers.o)
    0x000005fa   0x000005fa   0x00000002   PAD
    0x000005fc   0x000005fc   0x00000054   Code   RO           14    i.initExternalLEDPins  main.o
    0x00000650   0x00000650   0x00000032   Code   RO           15    i.initGPIOPin       main.o
    0x00000682   0x00000682   0x00000002   PAD
    0x00000684   0x00000684   0x0000004c   Code   RO           16    i.initInternalLED   main.o
    0x000006d0   0x000006d0   0x000000a4   Code   RO           17    i.initUART2         main.o
    0x00000774   0x00000774   0x00000064   Code   RO           18    i.initUART2Interrupt  main.o
    0x000007d8   0x000007d8   0x00000054   Code   RO           19    i.main              main.o
    0x0000082c   0x0000082c   0x00000018   Code   RO           20    i.offLED            main.o
    0x00000844   0x00000844   0x00000028   Code   RO           27    i.toggleLED         main.o
    0x0000086c   0x0000086c   0x00000020   Data   RO          280    Region$$Table       anon$$obj.o


    Execution Region ER_RW (Exec base: 0x1ffff000, Load base: 0x0000088c, Size: 0x00000020, Max: 0xffffffff, ABSOLUTE)

    Exec Addr    Load Addr    Size         Type   Attr      Idx    E Section Name        Object

    0x1ffff000   0x0000088c   0x0000001b   Data   RW           30    .data               main.o
    0x1ffff01b   0x000008a7   0x00000001   PAD
    0x1ffff01c   0x000008a8   0x00000004   Data   RW          226    .data               system_mkl25z4.o


    Execution Region ER_ZI (Exec base: 0x1ffff020, Load base: 0x000008ac, Size: 0x00000158, Max: 0xffffffff, ABSOLUTE)

    Exec Addr    Load Addr    Size         Type   Attr      Idx    E Section Name        Object

    0x1ffff020        -       0x00000058   Zero   RW           29    .bss                main.o
    0x1ffff078        -       0x00000100   Zero   RW          212    STACK               startup_mkl25z4.o


==============================================================================

Image component sizes


      Code (inc. data)   RO Data    RW Data    ZI Data      Debug   Object Name

      1032        122          0         27         88     234439   main.o
        56         30        192          0        256        856   startup_mkl25z4.o
       740         84          0          4          0       1715   system_mkl25z4.o

    ----------------------------------------------------------------------
      1832        236        224         32        344     237010   Object Totals
         0          0         32          0          0          0   (incl. Generated)
         4          0          0          1          0          0   (incl. Padding)

    ----------------------------------------------------------------------

      Code (inc. data)   RO Data    RW Data    ZI Data      Debug   Library Member Name

         0          0          0          0          0          0   entry.o
         0          0          0          0          0          0   entry10a.o
         0          0          0          0          0          0   entry11a.o
         8          4          0          0          0          0   entry2.o
         4          0          0          0          0          0   entry5.o
         0          0          0          0          0          0   entry7b.o
         0          0          0          0          0          0   entry8b.o
         8          4          0          0          0          0   entry9a.o
        30          0          0          0          0          0   handlers.o
        36          8          0          0          0         68   init.o
        44          0          0          0          0         72   uidiv.o

    ----------------------------------------------------------------------
       132         16          0          0          0        140   Library Totals
         2          0          0          0          0          0   (incl. Padding)

    ----------------------------------------------------------------------

      Code (inc. data)   RO Data    RW Data    ZI Data      Debug   Library Name

       130         16          0          0          0        140   mc_p.l

    ----------------------------------------------------------------------
       132         16          0          0          0        140   Library Totals

    ----------------------------------------------------------------------

==============================================================================


      Code (inc. data)   RO Data    RW Data    ZI Data      Debug   

      1964        252        224         32        344     236598   Grand Totals
      1964        252        224         32        344     236598   ELF Image Totals
      1964        252        224         32          0          0   ROM Totals

==============================================================================

    Total RO  Size (Code + RO Data)                 2188 (   2.14kB)
    Total RW  Size (RW Data + ZI Data)               376 (   0.37kB)
    Total ROM Size (Code + RO Data + RW Data)       2220 (   2.17kB)

==============================================================================

